<span class="hljs-operator">#</span>[
    name<span class="hljs-operator">:</span> <span class="hljs-string">&quot;John&quot;</span>
    surname<span class="hljs-operator">:</span> <span class="hljs-string">&quot;Doe&quot;</span>
    age<span class="hljs-operator">:</span> <span class="hljs-number">34</span>
    likes<span class="hljs-operator">:</span> [pizza spaghetti]
]
